@vibe-code/server test: bun test v1.2.14 (6a363a38)
@vibe-code/server test:
@vibe-code/server test: src/agents/orchestrator.test.ts:
@vibe-code/server test: [2m[03:39:28][0m [90m[orchestrator][0m [36m◆ Launching task "My task" [3108174e] engine=mock model=default repo=repo[0m
@vibe-code/server test:
@vibe-code/server test: [2m[03:39:28][0m [90m[[34m3108174e[90m][0m [1m[32m▶ AGENT STARTED[0m engine=[36mmock[0m model=[35mopencode/minimax-m2.5-free[0m repo=[34mrepo[0m
@vibe-code/server test: (pass) Orchestrator — task flow > moves task to in_progress immediately after launch [26.00ms]
@vibe-code/server test: [2m[03:39:28][0m [90m[orchestrator][0m [36m◆ Launching task "T" [7539cf78] engine=mock model=default repo=repo[0m
@vibe-code/server test:
@vibe-code/server test: [2m[03:39:28][0m [90m[[34m7539cf78[90m][0m [1m[32m▶ AGENT STARTED[0m engine=[36mmock[0m model=[35mopencode/minimax-m2.5-free[0m repo=[34mrepo[0m
@vibe-code/server test: (pass) Orchestrator — task flow > creates an agent run record on launch [1.65ms]
@vibe-code/server test: [2m[03:39:28][0m [90m[orchestrator][0m [36m◆ Launching task "Feature" [4b9bef0d] engine=mock model=default repo=repo[0m
@vibe-code/server test:
@vibe-code/server test: [2m[03:39:28][0m [90m[[34m4b9bef0d[90m][0m [1m[32m▶ AGENT STARTED[0m engine=[36mmock[0m model=[35mopencode/minimax-m2.5-free[0m repo=[34mrepo[0m
@vibe-code/server test: [2m[03:39:28][0m [90m[[34m4b9bef0d[90m][0m [37m│ Implementing feature...[0m
@vibe-code/server test: [2m[03:39:28][0m [90m[[34m4b9bef0d[90m][0m [37m│ Implementing feature...[0m
@vibe-code/server test: [2m[03:39:28][0m [90m[[34m4b9bef0d[90m][0m [37m│ Implementing feature...[0m
@vibe-code/server test: [2m[03:39:28][0m [90m[[34m3108174e[90m][0m [32m[1m✓ AGENT COMPLETED[0m [2mPR: https://github.com/owner/repo/pull/1[0m
@vibe-code/server test:
@vibe-code/server test: [2m[03:39:28][0m [90m[[34m4b9bef0d[90m][0m [32m[1m✓ AGENT COMPLETED[0m [2mPR: https://github.com/owner/repo/pull/42[0m
@vibe-code/server test:
@vibe-code/server test: (pass) Orchestrator — task flow > moves task to 'review' with PR when agent makes commits (exit 0) [96.46ms]
@vibe-code/server test: [2m[03:39:28][0m [90m[orchestrator][0m [36m◆ Launching task "Fix" [f1ba8a30] engine=mock model=default repo=repo[0m
@vibe-code/server test:
@vibe-code/server test: [2m[03:39:28][0m [90m[[34mf1ba8a30[90m][0m [1m[32m▶ AGENT STARTED[0m engine=[36mmock[0m model=[35mopencode/minimax-m2.5-free[0m repo=[34mrepo[0m
@vibe-code/server test: [2m[03:39:28][0m [90m[[34m7539cf78[90m][0m [32m[1m✓ AGENT COMPLETED[0m [2mPR: https://github.com/owner/repo/pull/1[0m
@vibe-code/server test:
@vibe-code/server test: [2m[03:39:28][0m [90m[[34mf1ba8a30[90m][0m [37m│ Applied changes.[0m
@vibe-code/server test: [2m[03:39:28][0m [90m[[34mf1ba8a30[90m][0m [33m⚠ [process] Exited with code 1[0m
@vibe-code/server test: [2m[03:39:28][0m [90m[[34mf1ba8a30[90m][0m [31m[1m✗ AGENT FAILED[0m [2mAgent exited with code 1[0m
@vibe-code/server test:
@vibe-code/server test: (pass) Orchestrator — task flow > moves task to 'failed' when agent exits with non-zero code [21.81ms]
@vibe-code/server test: [2m[03:39:28][0m [90m[orchestrator][0m [36m◆ Launching task "Nothing to do" [97095009] engine=mock model=default repo=repo[0m
@vibe-code/server test:
@vibe-code/server test: [2m[03:39:28][0m [90m[[34m97095009[90m][0m [1m[32m▶ AGENT STARTED[0m engine=[36mmock[0m model=[35mopencode/minimax-m2.5-free[0m repo=[34mrepo[0m
@vibe-code/server test: [2m[03:39:28][0m [90m[[34m97095009[90m][0m [37m│ Looked around, nothing to do.[0m
@vibe-code/server test: [2m[03:39:28][0m [90m[[34m97095009[90m][0m [37m│ Looked around, nothing to do.[0m
@vibe-code/server test: [2m[03:39:28][0m [90m[[34m97095009[90m][0m [31m[1m✗ AGENT FAILED[0m [2mAgent made no changes[0m
@vibe-code/server test:
@vibe-code/server test: (pass) Orchestrator — task flow > moves task to 'failed' when agent makes no commits [22.90ms]
@vibe-code/server test: [2m[03:39:28][0m [90m[orchestrator][0m [36m◆ Launching task "T" [78401f1a] engine=mock model=default repo=repo[0m
@vibe-code/server test:
@vibe-code/server test: [2m[03:39:28][0m [90m[[34m78401f1a[90m][0m [1m[32m▶ AGENT STARTED[0m engine=[36mmock[0m model=[35mopencode/minimax-m2.5-free[0m repo=[34mrepo[0m
@vibe-code/server test: [2m[03:39:28][0m [90m[[34m78401f1a[90m][0m [32m[1m✓ AGENT COMPLETED[0m [2mno PR[0m
@vibe-code/server test:
@vibe-code/server test: (pass) Orchestrator — task flow > moves task to 'review' without PR when push fails (network error) [23.57ms]
@vibe-code/server test: [2m[03:39:28][0m [90m[orchestrator][0m [36m◆ Launching task "T" [2ec9b3f3] engine=mock model=default repo=repo[0m
@vibe-code/server test:
@vibe-code/server test: [2m[03:39:28][0m [90m[[34m2ec9b3f3[90m][0m [1m[32m▶ AGENT STARTED[0m engine=[36mmock[0m model=[35mopencode/minimax-m2.5-free[0m repo=[34mrepo[0m
@vibe-code/server test: [2m[03:39:29][0m [90m[[34m2ec9b3f3[90m][0m [31m[1m✗ AGENT FAILED[0m [2mAgent made no changes[0m
@vibe-code/server test:
@vibe-code/server test: (pass) Orchestrator — task flow > task goes to 'failed' when uncommitted changes exist but no commits ahead [22.12ms]
@vibe-code/server test: [2m[03:39:29][0m [90m[orchestrator][0m [36m◆ Launching task "T" [cea42905] engine=mock model=default repo=repo[0m
@vibe-code/server test:
@vibe-code/server test: [2m[03:39:29][0m [90m[[34mcea42905[90m][0m [1m[32m▶ AGENT STARTED[0m engine=[36mmock[0m model=[35mopencode/minimax-m2.5-free[0m repo=[34mrepo[0m
@vibe-code/server test: [2m[03:39:29][0m [90m[[34mcea42905[90m][0m [37m│ Line one[0m
@vibe-code/server test: [2m[03:39:29][0m [90m[[34mcea42905[90m][0m [33m⚠ Error line[0m
@vibe-code/server test: [2m[03:39:29][0m [90m[[34mcea42905[90m][0m [36m→ System info[0m
@vibe-code/server test: [2m[03:39:29][0m [90m[[34mcea42905[90m][0m [37m│ Line one[0m
@vibe-code/server test: [2m[03:39:29][0m [90m[[34mcea42905[90m][0m [33m⚠ Error line[0m
@vibe-code/server test: [2m[03:39:29][0m [90m[[34mcea42905[90m][0m [36m→ System info[0m
@vibe-code/server test: [2m[03:39:29][0m [90m[[34mcea42905[90m][0m [37m│ Line one[0m
@vibe-code/server test: [2m[03:39:29][0m [90m[[34mcea42905[90m][0m [33m⚠ Error line[0m
@vibe-code/server test: [2m[03:39:29][0m [90m[[34mcea42905[90m][0m [36m→ System info[0m
@vibe-code/server test: [2m[03:39:29][0m [90m[[34mcea42905[90m][0m [32m[1m✓ AGENT COMPLETED[0m [2mPR: https://github.com/owner/repo/pull/1[0m
@vibe-code/server test:
@vibe-code/server test: (pass) Orchestrator — agent logs > persists agent log events to the database [50.05ms]
@vibe-code/server test: [2m[03:39:29][0m [90m[orchestrator][0m [36m◆ Launching task "T" [13ac3bc2] engine=mock model=default repo=repo[0m
@vibe-code/server test:
@vibe-code/server test: [2m[03:39:29][0m [90m[[34m13ac3bc2[90m][0m [1m[32m▶ AGENT STARTED[0m engine=[36mmock[0m model=[35mopencode/minimax-m2.5-free[0m repo=[34mrepo[0m
@vibe-code/server test: [2m[03:39:29][0m [90m[[34m13ac3bc2[90m][0m [32m[1m✓ AGENT COMPLETED[0m [2mPR: https://github.com/owner/repo/pull/1[0m
@vibe-code/server test:
@vibe-code/server test: (pass) Orchestrator — agent logs > saves status events as run currentStatus updates (no log entry) [49.59ms]
@vibe-code/server test: (pass) Orchestrator — cancel > moves stuck in_progress task back to backlog [7.30ms]
@vibe-code/server test: (pass) Orchestrator — cancel > does nothing if task is not in_progress and has no active run [6.50ms]
@vibe-code/server test: (pass) Orchestrator — launch guards > throws when no engine is available [6.81ms]
@vibe-code/server test: [2m[03:39:29][0m [90m[orchestrator][0m [36m◆ Launching task "T1" [6c1ee62a] engine=slow model=default repo=repo[0m
@vibe-code/server test:
@vibe-code/server test: [2m[03:39:29][0m [90m[[34m6c1ee62a[90m][0m [1m[32m▶ AGENT STARTED[0m engine=[36mslow[0m model=[35mopencode/minimax-m2.5-free[0m repo=[34mrepo[0m
@vibe-code/server test: [2m[03:39:29][0m [90m[orchestrator][0m [33m! Max concurrent agents reached (1)[0m
@vibe-code/server test: (pass) Orchestrator — launch guards > throws when max concurrent agents reached [7.39ms]
@vibe-code/server test:
@vibe-code/server test: src/agents/litellm-client.test.ts:
@vibe-code/server test: (pass) Litellm Client > getLiteLLMBaseUrl > returns env LITELLM_BASE_URL over dbBaseUrl [0.09ms]
@vibe-code/server test: (pass) Litellm Client > getLiteLLMBaseUrl > returns dbBaseUrl if env LITELLM_BASE_URL is not set [0.06ms]
@vibe-code/server test: (pass) Litellm Client > getLiteLLMBaseUrl > returns default url if neither env nor db base url are set [0.04ms]
@vibe-code/server test: (pass) Litellm Client > getMasterKey internally > throws if LITELLM_MASTER_KEY is not set when calling generateVirtualKey [0.13ms]
@vibe-code/server test: (pass) Litellm Client > generateVirtualKey > generates and returns virtual key [0.33ms]
@vibe-code/server test: (pass) Litellm Client > generateVirtualKey > falls back to token if key or token_id are missing [0.19ms]
@vibe-code/server test: (pass) Litellm Client > generateVirtualKey > throws if response is not ok [1.19ms]
@vibe-code/server test: (pass) Litellm Client > generateVirtualKey > throws if json has unexpected shape [0.25ms]
@vibe-code/server test: (pass) Litellm Client > deleteVirtualKey > deletes virtual key successfully [0.37ms]
@vibe-code/server test: (pass) Litellm Client > deleteVirtualKey > logs warning if response is not ok [0.25ms]
@vibe-code/server test: (pass) Litellm Client > checkLiteLLMHealth > returns true if health check is ok [0.23ms]
@vibe-code/server test: (pass) Litellm Client > checkLiteLLMHealth > returns false if health check is not ok [0.13ms]
@vibe-code/server test: (pass) Litellm Client > checkLiteLLMHealth > returns false if fetch throws [0.14ms]
@vibe-code/server test: (pass) Litellm Client > listLiteLLMModels > lists models successfully using default base url [0.43ms]
@vibe-code/server test: (pass) Litellm Client > listLiteLLMModels > lists models successfully using provided base url [0.27ms]
@vibe-code/server test: (pass) Litellm Client > listLiteLLMModels > returns empty array if response is not ok [0.13ms]
@vibe-code/server test: (pass) Litellm Client > listLiteLLMModels > returns empty array if fetch throws [0.25ms]
@vibe-code/server test: (pass) Litellm Client > listLiteLLMModels > returns empty array if data is missing [0.15ms]
@vibe-code/server test:
@vibe-code/server test: src/agents/stream-process.test.ts:
@vibe-code/server test: (pass) streamProcess > stdout streaming > yields stdout lines as log events [20.45ms]
@vibe-code/server test: (pass) streamProcess > stdout streaming > streams carriage-return progress lines in real time [44.78ms]
@vibe-code/server test: (pass) streamProcess > stdout streaming > does not emit empty lines [19.97ms]
@vibe-code/server test: (pass) streamProcess > stderr streaming > yields stderr lines as stderr log events [44.68ms]
@vibe-code/server test: (pass) streamProcess > exit code handling — critical bug fix > does NOT yield type:error for non-zero exit code [20.57ms]
@vibe-code/server test: (pass) streamProcess > exit code handling — critical bug fix > yields type:log stream:stderr with exit message for non-zero exit [19.61ms]
@vibe-code/server test: (pass) streamProcess > exit code handling — critical bug fix > does NOT yield exit error log for exit code 0 [19.16ms]
@vibe-code/server test: (pass) streamProcess > complete event > yields type:complete with exitCode 0 on success [18.88ms]
@vibe-code/server test: (pass) streamProcess > complete event > yields type:complete with correct exit code for non-zero [19.27ms]
@vibe-code/server test: (pass) streamProcess > complete event > always yields complete even when process writes output then fails [18.98ms]
@vibe-code/server test: (pass) streamProcess > parseLine callback > applies parseLine transformer to stdout lines [18.86ms]
@vibe-code/server test: (pass) streamProcess > parseLine callback > parseLine returning empty array produces no events for that line [18.80ms]
@vibe-code/server test: (pass) streamProcess > abort signal > stops streaming when aborted [24.17ms]
@vibe-code/server test:
@vibe-code/server test: src/db/queries.test.ts:
@vibe-code/server test: (pass) Repository queries > creates a repo in pending status by default [6.58ms]
@vibe-code/server test: (pass) Repository queries > updates status to ready with local path [5.42ms]
@vibe-code/server test: (pass) Repository queries > lists all repos [5.63ms]
@vibe-code/server test: (pass) Repository queries > extracts repo name from bare URL [5.16ms]
@vibe-code/server test: (pass) Repository queries > extracts repo name from URL [5.63ms]
@vibe-code/server test: (pass) Task queries > creates task with backlog status [0.29ms]
@vibe-code/server test: (pass) Task queries > creates task with description [0.27ms]
@vibe-code/server test: (pass) Task queries > creates task with engine preference [0.31ms]
@vibe-code/server test: (pass) Task queries > lists all tasks [0.59ms]
@vibe-code/server test: (pass) Task queries > lists tasks filtered by repo [0.66ms]
@vibe-code/server test: (pass) Task queries > updates task status [0.47ms]
@vibe-code/server test: (pass) Task queries > updates specific fields via updateField [0.44ms]
@vibe-code/server test: (pass) Task queries > updateField sets branch_name [0.52ms]
@vibe-code/server test: (pass) Task queries > deletes task [0.47ms]
@vibe-code/server test: (pass) Task queries > returns null for non-existent task [0.08ms]
@vibe-code/server test: (pass) AgentRun queries > creates a run in queued status [0.14ms]
@vibe-code/server test: (pass) AgentRun queries > updates run status to running with started_at [0.30ms]
@vibe-code/server test: (pass) AgentRun queries > updates run status to completed with exit_code [0.33ms]
@vibe-code/server test: (pass) AgentRun queries > updates run status to failed with error_message [0.26ms]
@vibe-code/server test: (pass) AgentRun queries > getLatestByTask returns the most recently created run [0.24ms]
@vibe-code/server test: (pass) AgentRun queries > listByTask returns all runs for a task [0.18ms]
@vibe-code/server test: (pass) AgentRun queries > returns null for latest run of task with no runs [0.08ms]
@vibe-code/server test: (pass) AgentLog queries > creates and retrieves logs for a run [0.22ms]
@vibe-code/server test: (pass) AgentLog queries > logs are ordered by insertion (id ASC) [0.16ms]
@vibe-code/server test: (pass) AgentLog queries > returns empty array for run with no logs [0.07ms]
@vibe-code/server test: (pass) AgentLog queries > supports all stream types [0.28ms]
@vibe-code/server test:
@vibe-code/server test: src/db/index.test.ts:
@vibe-code/server test: (pass) Database index > creates db and applies migrations [59.17ms]
@vibe-code/server test: (pass) Database index > migrates from old schema [66.25ms]
@vibe-code/server test:
@vibe-code/server test: src/api/tasks.integration.test.ts:
@vibe-code/server test:
@vibe-code/server test: # Unhandled error between tests
@vibe-code/server test: -------------------------------
@vibe-code/server test: error: Cannot find package 'hono' from '/app/packages/server/src/api/tasks.integration.test.ts'
@vibe-code/server test: -------------------------------
@vibe-code/server test:
@vibe-code/server test:
@vibe-code/server test: src/api/repos.integration.test.ts:
@vibe-code/server test:
@vibe-code/server test: # Unhandled error between tests
@vibe-code/server test: -------------------------------
@vibe-code/server test: error: Cannot find package 'hono' from '/app/packages/server/src/api/repos.integration.test.ts'
@vibe-code/server test: -------------------------------
@vibe-code/server test:
@vibe-code/server test:
@vibe-code/server test: src/git/git-service.test.ts:
@vibe-code/server test: (pass) GitService.getRepoOwnerAndName > parses HTTPS GitHub URL [1.52ms]
@vibe-code/server test: (pass) GitService.getRepoOwnerAndName > parses HTTPS URL with .git suffix [0.07ms]
@vibe-code/server test: (pass) GitService.getRepoOwnerAndName > parses SSH URL [0.03ms]
@vibe-code/server test: (pass) GitService.getRepoOwnerAndName > parses URL with nested org name [0.03ms]
@vibe-code/server test: (pass) GitService.hasCommitsAhead > returns false when no new commits since base [5.03ms]
@vibe-code/server test: (pass) GitService.hasCommitsAhead > returns true after adding a new commit on the feature branch [20.69ms]
@vibe-code/server test: (pass) GitService.hasCommitsAhead > returns false when baseBranch is fast-forwarded to the same commit [8.49ms]
@vibe-code/server test: (pass) GitService.hasChanges > returns false on clean working tree [5.10ms]
@vibe-code/server test: (pass) GitService.hasChanges > returns true after creating a new file [4.75ms]
@vibe-code/server test:
@vibe-code/server test: src/skills/matcher.test.ts:
@vibe-code/server test: (pass) matcher > should match skills, rules, agents, and workflows based on task description and workdir [2.33ms]
@vibe-code/server test: (pass) matcher > should match workflow if mentioned in task [0.30ms]
@vibe-code/server test: (pass) matcher > should return top 5 rules if workdir cannot be read or no extensions [0.19ms]
@vibe-code/server test: (pass) matcher > should handle large amount of matched skills by trimming character count [0.77ms]
@vibe-code/server test: (pass) matcher > should handle large amount of matched skills by trimming character count (skills) [1.14ms]
@vibe-code/server test:
@vibe-code/server test: src/skills/repo-loader.test.ts:
@vibe-code/server test: (pass) RepoSkillsLoader > should load skills, rules, agents, and workflows from .vibe-code directory [1.77ms]
@vibe-code/server test: (pass) RepoSkillsLoader > should return cached index on subsequent load calls [0.19ms]
@vibe-code/server test: (pass) RepoSkillsLoader > should restrict getFileContent to paths within .vibe-code directory [0.25ms]
@vibe-code/server test:
@vibe-code/server test: src/agents/orchestrator/pr-retry.test.ts:
@vibe-code/server test: (pass) retryPR > throws if task not found [1.55ms]
@vibe-code/server test: (pass) retryPR > throws if task not in review status [0.15ms]
@vibe-code/server test: (pass) retryPR > throws if task has no branch associated [0.14ms]
@vibe-code/server test: (pass) retryPR > throws if repository not found [0.13ms]
@vibe-code/server test: (pass) retryPR > throws if no run found for this task [0.14ms]
@vibe-code/server test: (pass) retryPR > throws if engine not found [0.13ms]
@vibe-code/server test: (pass) retryPR > successfully retries PR, updates db and broadcasts [0.45ms]
@vibe-code/server test: (pass) retryPR > uses defaultBranch if task baseBranch is missing [0.24ms]
@vibe-code/server test: (pass) retryPR > uses barePath from git if localPath is missing [0.16ms]
@vibe-code/server test: (pass) retryPR > throws error if git operations fail, but still tries to clean up [0.37ms]
@vibe-code/server test: (pass) retryPR > ignores error if cleanup fails [0.15ms]
@vibe-code/server test:
@vibe-code/server test: src/agents/orchestrator/baseline-check.test.ts:
@vibe-code/server test: (pass) runBaselineCheck > skips if VIBE_CODE_SKIP_BASELINE_CHECK is true [0.12ms]
@vibe-code/server test: (pass) runBaselineCheck > skips if no runner is detected (no package.json or Makefile) [0.28ms]
@vibe-code/server test: (pass) runBaselineCheck > detects make and runs make typecheck [1.02ms]
@vibe-code/server test: (pass) runBaselineCheck > detects package.json but skips if no typecheck script [0.48ms]
@vibe-code/server test: (pass) runBaselineCheck > detects type-check script in package.json [0.48ms]
@vibe-code/server test: (pass) runBaselineCheck > fails if runner command fails [0.47ms]
@vibe-code/server test: (pass) runBaselineCheck > handles JSON parse error gracefully [0.41ms]
@vibe-code/server test: (pass) runBaselineCheck > handles spawn errors gracefully [0.31ms]
@vibe-code/server test: (pass) runBaselineCheck > truncates output to last 10 lines [0.51ms]
@vibe-code/server test: (pass) runBaselineCheck > runner process handles exit timeout (or unresolved exited) [0.34ms]
@vibe-code/server test:
@vibe-code/server test: src/agents/orchestrator/evaluator.test.ts:
@vibe-code/server test: (pass) runPostRunEvaluator > returns null if disabled [0.21ms]
@vibe-code/server test: (pass) runPostRunEvaluator > returns null if diff is empty [0.71ms]
@vibe-code/server test: (pass) runPostRunEvaluator > returns evaluation result on success [0.82ms]
@vibe-code/server test: (pass) runPostRunEvaluator > returns null if fetch fails [0.38ms]
@vibe-code/server test: (pass) runPostRunEvaluator > returns null if fetch throws [0.32ms]
@vibe-code/server test: (pass) runPostRunEvaluator > handles invalid JSON response [0.34ms]
@vibe-code/server test: (pass) runPostRunEvaluator > handles missing properties in valid JSON response, bounds score [0.36ms]
@vibe-code/server test: (pass) runPostRunEvaluator > passes if score >= threshold and pass not explicitly false [0.42ms]
@vibe-code/server test: (pass) runPostRunEvaluator > handles truncated diff logic [0.49ms]
@vibe-code/server test: (pass) runPostRunEvaluator > handles git failure [0.29ms]
@vibe-code/server test:
@vibe-code/server test: src/agents/orchestrator/planner.test.ts:
@vibe-code/server test: (pass) runPlannerIfNeeded > returns null if explicitly disabled [0.30ms]
@vibe-code/server test: (pass) runPlannerIfNeeded > returns null if description is long enough [0.13ms]
@vibe-code/server test: (pass) runPlannerIfNeeded > returns spec and writes to file on success [0.53ms]
@vibe-code/server test: (pass) runPlannerIfNeeded > returns null if fetch fails [0.19ms]
@vibe-code/server test: (pass) runPlannerIfNeeded > returns null if fetch throws [0.25ms]
@vibe-code/server test: (pass) runPlannerIfNeeded > returns null if writeFile throws [0.23ms]
@vibe-code/server test: (pass) runPlannerIfNeeded > handles empty descriptions properly in the prompt [0.17ms]
@vibe-code/server test:
@vibe-code/server test: src/agents/engines/opencode.replay.test.ts:
@vibe-code/server test: (pass) OpenCodeEngine replay fixtures > replays the real write-guard flow captured from the CLI [16.97ms]
@vibe-code/server test:
@vibe-code/server test: src/agents/engines/opencode.test.ts:
@vibe-code/server test: (pass) humanizeStderr > returns null for empty lines [0.28ms]
@vibe-code/server test: (pass) humanizeStderr > suppresses DEBUG/TRACE/INF/DBG prefixed lines [0.26ms]
@vibe-code/server test: (pass) humanizeStderr > suppresses OpenCode INFO structured log lines (all services by default) [0.13ms]
@vibe-code/server test: (pass) humanizeStderr > suppresses INFO for non-meaningful services [0.12ms]
@vibe-code/server test: (pass) humanizeStderr > surfaces llm service INFO with modelID [0.08ms]
@vibe-code/server test: (pass) humanizeStderr > passes through plain unrecognised text [0.14ms]
@vibe-code/server test: (pass) humanizeStderr > suppresses JSON with debug level [0.14ms]
@vibe-code/server test: (pass) humanizeStderr > returns message from non-debug JSON [0.22ms]
@vibe-code/server test: (pass) OpenCodeEngine.parseLine > parses a text event into a stdout log [0.18ms]
@vibe-code/server test: (pass) OpenCodeEngine.parseLine > parses a tool_use calling event into status + log [0.54ms]
@vibe-code/server test: (pass) OpenCodeEngine.parseLine > parses a step_start event into Working... status [0.15ms]
@vibe-code/server test: (pass) OpenCodeEngine.parseLine > parses a thinking event into Thinking... status [0.14ms]
@vibe-code/server test: (pass) OpenCodeEngine.parseLine > parses an error event into a stderr log [0.11ms]
@vibe-code/server test: (pass) OpenCodeEngine.parseLine > returns empty array for unknown event types (heartbeat noise) [0.08ms]
@vibe-code/server test: (pass) OpenCodeEngine.parseLine > handles non-JSON plain text lines [0.08ms]
@vibe-code/server test: (pass) OpenCodeEngine.parseLine > ignores lines starting with { that are invalid JSON [0.56ms]
@vibe-code/server test: (pass) OpenCodeEngine.parseLine > handles JSON content containing braces and quotes correctly (brace counting) [0.11ms]
@vibe-code/server test: (pass) OpenCodeEngine.parseLine > surfaces tool failures with error message [0.19ms]
@vibe-code/server test: (pass) OpenCodeEngine.parseLine > handles multiple JSON objects on a single line [0.13ms]
@vibe-code/server test: (pass) OpenCodeEngine.parseLine > handles deeply nested braces and escaped quotes in strings [1.59ms]
@vibe-code/server test: (pass) OpenCodeEngine.parseLine > parses progress events into status + system log [0.24ms]
@vibe-code/server test: (pass) OpenCodeEngine.parseLine > parses step_finish with token usage [0.19ms]
@vibe-code/server test: (pass) OpenCodeEngine.parseLine > humanizes various tool calls correctly [0.45ms]
@vibe-code/server test: (pass) OpenCodeEngine.parseLine > humanizes tool results correctly [0.38ms]
@vibe-code/server test: (pass) OpenCodeEngine.parseLine > parses real 'text' event correctly (contract snapshot) [0.11ms]
@vibe-code/server test: (pass) OpenCodeEngine.parseLine > parses real 'tool_use' (bash) event correctly (contract snapshot) [0.30ms]
@vibe-code/server test: (pass) OpenCodeEngine.parseLine > parses real 'step_finish' (tokens) event correctly (contract snapshot) [0.24ms]
@vibe-code/server test: (pass) OpenCodeEngine.parseLine > parses interactive question events correctly [0.23ms]
@vibe-code/server test: (pass) OpenCodeEngine.buildCommand > passes the prompt as a positional message argument [0.23ms]
@vibe-code/server test: (pass) OpenCodeEngine.buildCommand > uses pipe stdin mode on all platforms (stdin is closed immediately on Windows) [0.11ms]
@vibe-code/server test: (pass) execute: opencode.json lifecycle > creates opencode.json with permission *:allow before running the subprocess [47.63ms]
@vibe-code/server test: (pass) execute: opencode.json lifecycle > deletes opencode.json after execution completes [20.45ms]
@vibe-code/server test: (pass) execute: complete event > always emits a complete event as the last event [20.59ms]
@vibe-code/server test: (pass) execute: complete event > complete event has exitCode 0 for a successful process [20.25ms]
@vibe-code/server test: (pass) execute: complete event > complete event carries correct non-zero exitCode [21.59ms]
@vibe-code/server test: (pass) execute: complete event > emits a stderr log for non-zero exit [21.18ms]
@vibe-code/server test: (pass) execute: complete event > does NOT emit exit log for exit code 0 [22.59ms]
@vibe-code/server test: (pass) execute: real-time streaming > yields stdout events BEFORE the process exits [445.55ms]
@vibe-code/server test: (pass) execute: real-time streaming > yields multiple events incrementally during execution [246.74ms]
@vibe-code/server test: (pass) execute: real-time streaming > does not duplicate events (each event appears exactly once) [95.76ms]
@vibe-code/server test: (pass) execute: real-time streaming > delivers events written right before process exits [44.57ms]
@vibe-code/server test: (pass) execute: stderr passthrough > surfaces plain text stderr lines [44.15ms]
@vibe-code/server test: (pass) execute: stderr passthrough > suppresses OpenCode INFO structured log lines from stderr [48.33ms]
@vibe-code/server test: (pass) execute: abort signal > resolves (does not hang) when the signal is aborted [54.07ms]
@vibe-code/server test: (pass) execute: heartbeat > emits a 'Still running' system log during a long process [321.68ms]
@vibe-code/server test:
@vibe-code/server test: src/agents/engines/opencode.advanced.test.ts:
@vibe-code/server test: (pass) OpenCodeEngine Advanced Contract Tests > surfaces non-zero exit code even if status is 'completed' (snapshot real) [0.31ms]
@vibe-code/server test: (pass) OpenCodeEngine Advanced Contract Tests > handles complex file writing contract (write tool) [0.19ms]
@vibe-code/server test:
@vibe-code/server test: 2 tests failed:
@vibe-code/server test:
@vibe-code/server test:  175 pass
@vibe-code/server test:  2 fail
@vibe-code/server test:  2 errors
@vibe-code/server test:  334 expect() calls
@vibe-code/server test: Ran 177 tests across 17 files. [2.82s]
@vibe-code/server test: Exited with code 1
